python : WARNING:root:Gurobi not available. Install with: pip install gurobipy
In Zeile:1 Zeichen:1
+ python test_import.py > test_output.txt 2>&1
+ ~~~~~~~~~~~~~~~~~~~~~~~~~~~~~~~~~~~~~~~~~~~~
    + CategoryInfo          : NotSpecified: (WARNING:root:Gu...nstall gurobipy:String) [], RemoteException
    + FullyQualifiedErrorId : NativeCommandError
 
Traceback (most recent call last):
  File "C:\Download\Fleet_one\fleet-route-optimizer-cvrptw\test_import.py", line 7, in <module>
    from src.app import app
  File "C:\Download\Fleet_one\fleet-route-optimizer-cvrptw\src\app.py", line 11, in <module>
    from .api.v1.endpoints import auth, vehicles, maintenance, workshops, sync, scheduler, transfer, hr, docs, policy, parts, stock, procurement, finance, reports, 
events, projections, sync_crdt, time_travel, ml, analytics, fleet_one
  File "C:\Download\Fleet_one\fleet-route-optimizer-cvrptw\src\api\v1\endpoints\__init__.py", line 4, in <module>
    from . import auth, vehicles, maintenance, workshops, sync, scheduler, transfer, hr, docs, policy
  File "C:\Download\Fleet_one\fleet-route-optimizer-cvrptw\src\api\v1\endpoints\auth.py", line 16, in <module>
    from src.models.railfleet.user import User
  File "C:\Download\Fleet_one\fleet-route-optimizer-cvrptw\src\models\railfleet\__init__.py", line 22, in <module>
    from .events import Event, EventSnapshot
  File "C:\Download\Fleet_one\fleet-route-optimizer-cvrptw\src\models\railfleet\events.py", line 6, in <module>
    from ..database import Base
ModuleNotFoundError: No module named 'src.models.database'

During handling of the above exception, another exception occurred:

Traceback (most recent call last):
  File "C:\Download\Fleet_one\fleet-route-optimizer-cvrptw\test_import.py", line 12, in <module>
    print(f"\u274c Error loading app:")
  File "C:\Program Files\Python311\Lib\encodings\cp1252.py", line 19, in encode
    return codecs.charmap_encode(input,self.errors,encoding_table)[0]
           ^^^^^^^^^^^^^^^^^^^^^^^^^^^^^^^^^^^^^^^^^^^^^^^^^^^^^^^
UnicodeEncodeError: 'charmap' codec can't encode character '\u274c' in position 0: character maps to <undefined>
